V3 3
FL /home/rudolffortes/Digital_Design/digital-design/Alarm_system/Alarm_system.vhd 2013/02/13.09:43:15 P.49d
EN work/Alarm_system 1360745016 \
      FL /home/rudolffortes/Digital_Design/digital-design/Alarm_system/Alarm_system.vhd \
      PB ieee/std_logic_1164 1354696159
AR work/Alarm_system/Behavioral 1360745017 \
      FL /home/rudolffortes/Digital_Design/digital-design/Alarm_system/Alarm_system.vhd \
      EN work/Alarm_system 1360745016
